PS C:\Users\aumed> cd C:\Users\aumed\OneDrive\ドキュメント
PS C:\Users\aumed\OneDrive\ドキュメント> mkdir git_challenge


    ディレクトリ: C:\Users\aumed\OneDrive\ドキュメント


Mode                 LastWriteTime         Length Name
----                 -------------         ------ ----
d-----        2024/08/06     11:14                git_challenge


PS C:\Users\aumed\OneDrive\ドキュメント> git init
Reinitialized existing Git repository in C:/Users/aumed/OneDrive/ドキュメント/.git/
PS C:\Users\aumed\OneDrive\ドキュメント> cd git_challenge
PS C:\Users\aumed\OneDrive\ドキュメント\git_challenge> git init
Initialized empty Git repository in C:/Users/aumed/OneDrive/ドキュメント/git_challenge/.git/
PS C:\Users\aumed\OneDrive\ドキュメント\git_challenge> git add hello_world.txt
PS C:\Users\aumed\OneDrive\ドキュメント\git_challenge> git commit -m "1回目のコミット"
[main (root-commit) db8038f] 1回目のコミット
 1 file changed, 0 insertions(+), 0 deletions(-)
 create mode 100644 hello_world.txt
PS C:\Users\aumed\OneDrive\ドキュメント\git_challenge> git add hello_world.txt
PS C:\Users\aumed\OneDrive\ドキュメント\git_challenge> git commit -m "２回目のコミット"
[main 02d6225] ２回目のコミット
 1 file changed, 1 insertion(+)
PS C:\Users\aumed\OneDrive\ドキュメント\git_challenge> git log --oneline
02d6225 (HEAD -> main) ２回目のコミット
db8038f 1回目のコミット